../Core/Src/main.c:294:5:ai_init	3
../Core/Src/main.c:319:5:ai_run	3
../Core/Src/main.c:370:5:main	2
../Core/Src/main.c:486:6:SystemClock_Config	4
../Core/Src/main.c:546:6:PeriphCommonClock_Config	2
../Core/Src/main.c:573:13:MX_ADC1_Init	3
../Core/Src/main.c:630:13:MX_DFSDM1_Init	4
../Core/Src/main.c:683:13:MX_I2C1_Init	4
../Core/Src/main.c:731:13:MX_I2C2_Init	4
../Core/Src/main.c:779:13:MX_OCTOSPI1_Init	3
../Core/Src/main.c:827:13:MX_SPI1_Init	2
../Core/Src/main.c:867:13:MX_SPI3_Init	2
../Core/Src/main.c:907:13:MX_TIM2_Init	4
../Core/Src/main.c:956:13:MX_UART4_Init	5
../Core/Src/main.c:1004:13:MX_USART1_UART_Init	5
../Core/Src/main.c:1052:13:MX_USART2_UART_Init	5
../Core/Src/main.c:1100:13:MX_USART3_UART_Init	5
../Core/Src/main.c:1148:13:MX_USB_OTG_FS_USB_Init	1
../Core/Src/main.c:1167:13:MX_DMA_Init	1
../Core/Src/main.c:1186:13:MX_GPIO_Init	1
../Core/Src/main.c:1317:6:HAL_DFSDM_FilterRegConvHalfCpltCallback	1
../Core/Src/main.c:1325:6:HAL_DFSDM_FilterRegConvCpltCallback	1
../Core/Src/main.c:1353:6:StartTask03	11
../Core/Src/main.c:1453:6:StartTask04	8
../Core/Src/main.c:1499:6:StartDefaultTask	7
../Core/Src/main.c:1568:6:StartTask02	5
../Core/Src/main.c:1622:6:Error_Handler	1
