../Core/Src/main.c:294:5:ai_init	16	static
../Core/Src/main.c:319:5:ai_run	32	static
../Core/Src/main.c:370:5:main	16	static
../Core/Src/main.c:486:6:SystemClock_Config	96	static
../Core/Src/main.c:546:6:PeriphCommonClock_Config	160	static
../Core/Src/main.c:573:13:MX_ADC1_Init	32	static
../Core/Src/main.c:630:13:MX_DFSDM1_Init	8	static
../Core/Src/main.c:683:13:MX_I2C1_Init	8	static
../Core/Src/main.c:731:13:MX_I2C2_Init	8	static
../Core/Src/main.c:779:13:MX_OCTOSPI1_Init	32	static
../Core/Src/main.c:827:13:MX_SPI1_Init	8	static
../Core/Src/main.c:867:13:MX_SPI3_Init	8	static
../Core/Src/main.c:907:13:MX_TIM2_Init	48	static
../Core/Src/main.c:956:13:MX_UART4_Init	8	static
../Core/Src/main.c:1004:13:MX_USART1_UART_Init	8	static
../Core/Src/main.c:1052:13:MX_USART2_UART_Init	8	static
../Core/Src/main.c:1100:13:MX_USART3_UART_Init	8	static
../Core/Src/main.c:1148:13:MX_USB_OTG_FS_USB_Init	4	static
../Core/Src/main.c:1167:13:MX_DMA_Init	16	static
../Core/Src/main.c:1186:13:MX_GPIO_Init	56	static
../Core/Src/main.c:1317:6:HAL_DFSDM_FilterRegConvHalfCpltCallback	24	static
../Core/Src/main.c:1325:6:HAL_DFSDM_FilterRegConvCpltCallback	24	static
../Core/Src/main.c:1353:6:StartTask03	24	static
../Core/Src/main.c:1453:6:StartTask04	24	static
../Core/Src/main.c:1499:6:StartDefaultTask	56	static
../Core/Src/main.c:1568:6:StartTask02	32	static
../Core/Src/main.c:1622:6:Error_Handler	4	static,ignoring_inline_asm
