../Core/Src/stm32l4xx_hal_msp.c:66:6:HAL_MspInit	16	static
../Core/Src/stm32l4xx_hal_msp.c:91:6:HAL_ADC_MspInit	48	static
../Core/Src/stm32l4xx_hal_msp.c:131:6:HAL_ADC_MspDeInit	16	static
../Core/Src/stm32l4xx_hal_msp.c:168:6:HAL_DFSDM_FilterMspInit	192	static
../Core/Src/stm32l4xx_hal_msp.c:243:6:HAL_DFSDM_ChannelMspInit	192	static
../Core/Src/stm32l4xx_hal_msp.c:295:6:HAL_DFSDM_FilterMspDeInit	16	static
../Core/Src/stm32l4xx_hal_msp.c:328:6:HAL_DFSDM_ChannelMspDeInit	16	static
../Core/Src/stm32l4xx_hal_msp.c:358:6:HAL_I2C_MspInit	200	static
../Core/Src/stm32l4xx_hal_msp.c:437:6:HAL_I2C_MspDeInit	16	static
../Core/Src/stm32l4xx_hal_msp.c:488:6:HAL_OSPI_MspInit	200	static
../Core/Src/stm32l4xx_hal_msp.c:542:6:HAL_OSPI_MspDeInit	16	static
../Core/Src/stm32l4xx_hal_msp.c:577:6:HAL_SPI_MspInit	56	static
../Core/Src/stm32l4xx_hal_msp.c:639:6:HAL_SPI_MspDeInit	16	static
../Core/Src/stm32l4xx_hal_msp.c:688:6:HAL_TIM_PWM_MspInit	24	static
../Core/Src/stm32l4xx_hal_msp.c:705:6:HAL_TIM_MspPostInit	40	static
../Core/Src/stm32l4xx_hal_msp.c:737:6:HAL_TIM_PWM_MspDeInit	16	static
../Core/Src/stm32l4xx_hal_msp.c:759:6:HAL_UART_MspInit	216	static
../Core/Src/stm32l4xx_hal_msp.c:910:6:HAL_UART_MspDeInit	16	static
