../Core/Src/main.c:329:5:ai_init	16	static
../Core/Src/main.c:354:5:ai_run	32	static
../Core/Src/main.c:403:5:main	16	static
../Core/Src/main.c:519:6:SystemClock_Config	96	static
../Core/Src/main.c:579:6:PeriphCommonClock_Config	160	static
../Core/Src/main.c:606:13:MX_ADC1_Init	32	static
../Core/Src/main.c:664:13:MX_DFSDM1_Init	8	static
../Core/Src/main.c:717:13:MX_I2C1_Init	8	static
../Core/Src/main.c:765:13:MX_I2C2_Init	8	static
../Core/Src/main.c:813:13:MX_OCTOSPI1_Init	32	static
../Core/Src/main.c:861:13:MX_SPI1_Init	8	static
../Core/Src/main.c:901:13:MX_SPI3_Init	8	static
../Core/Src/main.c:941:13:MX_TIM2_Init	48	static
../Core/Src/main.c:990:13:MX_UART4_Init	8	static
../Core/Src/main.c:1038:13:MX_USART1_UART_Init	8	static
../Core/Src/main.c:1086:13:MX_USART2_UART_Init	8	static
../Core/Src/main.c:1134:13:MX_USART3_UART_Init	8	static
../Core/Src/main.c:1182:13:MX_USB_OTG_FS_USB_Init	4	static
../Core/Src/main.c:1201:13:MX_DMA_Init	16	static
../Core/Src/main.c:1220:13:MX_GPIO_Init	56	static
../Core/Src/main.c:1351:6:HAL_DFSDM_FilterRegConvHalfCpltCallback	24	static
../Core/Src/main.c:1359:6:HAL_DFSDM_FilterRegConvCpltCallback	24	static
../Core/Src/main.c:1387:6:StartTask03	24	static
../Core/Src/main.c:1487:6:StartTask04	24	static
../Core/Src/main.c:1529:6:StartDefaultTask	56	static
../Core/Src/main.c:1594:6:StartTask02	32	static
../Core/Src/main.c:1637:6:Error_Handler	4	static,ignoring_inline_asm
